{
    "failed_checks": [
        {
            "file": "/terraform/gke.tf",
            "findings": [
                {
                    "resource": "google_container_cluster.gke1",
                    "check_ids": [
                        "CKV_GCP_21",
                        "CKV_GCP_61",
                        "CKV_GCP_65",
                        "CKV_GCP_66",
                        "CKV_GCP_69"
                    ]
                },
                {
                    "resource": "google_container_node_pool.p1",
                    "check_ids": [
                        "CKV_GCP_10",
                        "CKV_GCP_69",
                        "CKV_GCP_9"
                    ]
                }
            ]
        },
        {
            "file": "/terraform/network.tf",
            "findings": [
                {
                    "resource": "google_compute_firewall.allow_google_iap",
                    "check_ids": [
                        "CKV2_GCP_12"
                    ]
                },
                {
                    "resource": "google_compute_firewall.allow_google_lb",
                    "check_ids": [
                        "CKV2_GCP_12"
                    ]
                },
                {
                    "resource": "google_compute_subnetwork.subnet1",
                    "check_ids": [
                        "CKV_GCP_76"
                    ]
                }
            ]
        }
    ]
}